// Jest Snapshot v1, https://goo.gl/fbAQLP

exports[`should take a snapshot 1`] = `
<DocumentFragment>
  <div
    class="container"
  >
    <a
      class="btn btn-light mb-2"
      href="/topics/1/"
    >
      <svg
        aria-hidden="true"
        class="svg-inline--fa fa-chevron-left fa-w-10 "
        data-icon="chevron-left"
        data-prefix="fas"
        focusable="false"
        role="img"
        viewBox="0 0 320 512"
        xmlns="http://www.w3.org/2000/svg"
      >
        <path
          d="M34.52 239.03L228.87 44.69c9.37-9.37 24.57-9.37 33.94 0l22.67 22.67c9.36 9.36 9.37 24.52.04 33.9L131.49 256l154.02 154.75c9.34 9.38 9.32 24.54-.04 33.9l-22.67 22.67c-9.37 9.37-24.57 9.37-33.94 0L34.52 272.97c-9.37-9.37-9.37-24.57 0-33.94z"
          fill="currentColor"
        />
      </svg>
       Back to Topic Page
    </a>
    <h1>
      Adding 1 to 100
    </h1>
    <p>
      Smol numbers.
    </p>
    <div
      class="mb-4"
    >
      <a
        class="btn btn-primary"
        href="/topics/1/levels/1/leaderboard"
      >
        View Leaderboard
      </a>
    </div>
    <div>
      <button
        class="btn btn-primary mb-4"
        data-target="#learningMaterialCollapse"
        data-toggle="collapse"
        type="button"
      >
        View Learning Materials
      </button>
      <div
        class="collapse mb-4"
        id="learningMaterialCollapse"
      >
        <h2>
          Learning Materials
        </h2>
        <div
          class="row"
        >
          <div
            class="col-lg-6 mb-4"
          >
            <div
              class="card h-100"
            >
              <div
                class="video-box card-img-top"
              >
                <div>
                  <iframe
                    allow="accelerometer; autoplay; encrypted-media; gyroscope; picture-in-picture"
                    allowfullscreen=""
                    frameborder="0"
                    src="https://www.youtube.com/embed/Fe8u2I3vmHU"
                    title="Learning Material Video"
                  />
                </div>
              </div>
              <div
                class="card-body"
              >
                <h3
                  class="card-title"
                >
                  Basic addition
                </h3>
                <p
                  class="card-text"
                >
                  Interesting video
                </p>
              </div>
            </div>
          </div>
        </div>
      </div>
    </div>
    <a
      class="btn btn-primary mb-4"
      href="/topics/1/levels/1/game"
    >
      Play Game
    </a>
  </div>
</DocumentFragment>
`;
