// Jest Snapshot v1, https://goo.gl/fbAQLP

exports[`should take a snapshot 1`] = `
<DocumentFragment>
  <div
    class="modal fade"
    data-testid="modal"
    style="padding-right: 0px;"
    tabindex="-1"
  >
    <div
      class="modal-dialog"
    >
      <div
        class="modal-content"
      >
        <div
          class="modal-header"
        >
          <h5
            class="modal-title"
          >
            Modal title
          </h5>
          <button
            class="close"
            type="button"
          >
            <span
              aria-hidden="true"
            >
              Ã—
            </span>
          </button>
        </div>
        <div
          class="modal-body"
        >
          <p>
            Modal body
          </p>
        </div>
      </div>
    </div>
  </div>
</DocumentFragment>
`;
