// Jest Snapshot v1, https://goo.gl/fbAQLP

exports[`should take a snapshot 1`] = `
<DocumentFragment>
  <button
    class="btn btn-danger mr-2"
  >
    Confirm
  </button>
  <button
    class="btn btn-secondary"
  >
    Cancel
  </button>
</DocumentFragment>
`;
