// Jest Snapshot v1, https://goo.gl/fbAQLP

exports[`should take a snapshot 1`] = `
<DocumentFragment>
  <div
    class="container"
  >
    <h1>
      404 Not Found
    </h1>
    <p>
      Sorry, the page you are looking for can't be found.
    </p>
    <a
      class="btn btn-primary"
      href="/"
    >
      Return to Home
    </a>
  </div>
</DocumentFragment>
`;
