// Jest Snapshot v1, https://goo.gl/fbAQLP

exports[`should take a snapshot 1`] = `
<DocumentFragment>
  <div
    class="container"
  >
    <a
      class="btn btn-light mb-2"
      href="/"
    >
      <svg
        aria-hidden="true"
        class="svg-inline--fa fa-chevron-left fa-w-10 "
        data-icon="chevron-left"
        data-prefix="fas"
        focusable="false"
        role="img"
        viewBox="0 0 320 512"
        xmlns="http://www.w3.org/2000/svg"
      >
        <path
          d="M34.52 239.03L228.87 44.69c9.37-9.37 24.57-9.37 33.94 0l22.67 22.67c9.36 9.36 9.37 24.52.04 33.9L131.49 256l154.02 154.75c9.34 9.38 9.32 24.54-.04 33.9l-22.67 22.67c-9.37 9.37-24.57 9.37-33.94 0L34.52 272.97c-9.37-9.37-9.37-24.57 0-33.94z"
          fill="currentColor"
        />
      </svg>
       Back to Home
    </a>
    <h1>
      Addition
    </h1>
    <p>
      Putting 2 and 2 together.
    </p>
    <h2>
      Levels
    </h2>
    <div
      class="card mb-4"
      href="#"
    >
      <div
        class="card-body"
      >
        <a
          href="/topics/1/levels/1"
        >
          <h3
            class="card-title"
          >
            Adding 1 to 100
          </h3>
        </a>
        <p
          class="card-text"
        >
          Smol numbers.
        </p>
      </div>
    </div>
  </div>
</DocumentFragment>
`;
