// Jest Snapshot v1, https://goo.gl/fbAQLP

exports[`should take a snapshot 1`] = `
<DocumentFragment>
  <div
    class="alert alert-danger alert-shown"
  >
    <strong>
      Error:
    </strong>
     Error message
    <button
      class="close"
      type="button"
    >
      <span>
        Ã—
      </span>
    </button>
  </div>
</DocumentFragment>
`;
