// Jest Snapshot v1, https://goo.gl/fbAQLP

exports[`should take a snapshot 1`] = `
<DocumentFragment>
  <div
    class="modal fade"
    data-testid="modal"
    style="padding-right: 0px;"
    tabindex="-1"
  >
    <div
      class="modal-dialog"
    >
      <div
        class="modal-content"
      >
        <div
          class="modal-header"
        >
          <h5
            class="modal-title"
          >
            1 + 1
          </h5>
          <button
            class="close"
            type="button"
          >
            <span
              aria-hidden="true"
            >
              Ã—
            </span>
          </button>
        </div>
        <div
          class="modal-body"
        >
          <form
            class="form"
          >
            <p>
              <strong>
                Options
              </strong>
            </p>
            <div
              class="form-check"
            >
              <input
                class="form-check-input"
                id="option-0"
                name="radio"
                type="radio"
              />
              <label
                class="form-check-label"
                for="option-0"
              >
                1
              </label>
            </div>
            <div
              class="form-check"
            >
              <input
                class="form-check-input"
                id="option-1"
                name="radio"
                type="radio"
              />
              <label
                class="form-check-label"
                for="option-1"
              >
                2
              </label>
            </div>
            <div
              class="form-group mt-4"
            >
              <button
                class="btn btn-primary"
                type="submit"
              >
                Submit
              </button>
            </div>
          </form>
        </div>
      </div>
    </div>
  </div>
</DocumentFragment>
`;
